=======================================
# Install KDE Neon with "Erase Disk"
# this will DELETE all data currently present on the selected storage device
# make sure user's name not same with computer name
# after installed, this is typical way of updating system in KDE Neon
=======================================
$ sudo pkcon refresh && sudo pkcon update -y

======================================
Completely Remove Flatpak Apps from System
======================================
flatpak uninstall --all --delete-data    OR    flatpak uninstall --all
flatpak repair
sudo apt remove --autoremove flatpak

=======================================
Install Google Chrome from Official Repository (and remove Firefox completely)
=======================================
$ wget -q -O - https://dl.google.com/linux/linux_signing_key.pub | sudo gpg --dearmour -o /usr/share/keyrings/chrome-keyring.gpg
$ sudo sh -c 'echo "deb [arch=amd64 signed-by=/usr/share/keyrings/chrome-keyring.gpg] http://dl.google.com/linux/chrome/deb/ stable main" > /etc/apt/sources.list.d/google-chrome.list'
$ sudo apt update && sudo apt install -y google-chrome-stable && sudo apt purge -y firefox && sudo apt autoremove -y
# open Google Chrome: Settings > Appearance > Theme "Use GTK"
# open Google Chrome: Settings > Appearance > Disable "Use system title and borders"

=================================
Fix 'preinstalled' Repo Warning on apt update
=================================
$ sudo rm /etc/apt/sources.list.d/preinstalled-pool.list

=====================================
Install ZSH & OhMyZsh
=====================================
# install ZSH
$ sudo apt install -y zsh && zsh --version && echo $SHELL
# make your default shell
$ chsh -s $(which zsh)
$ reboot
# Konsole > Setting > Configure Konsole > Profiles > Select any or create New, then Edit command
	command: /usr/bin/zsh
# Konsole > Setting > Configure Konsole > Profiles > Select any or create New, then Edit > Appearance:
	Get New: Visiblue
	Edit > Disable blur background
	Edit > Set tranparency 5%
# open Konsole, install OhMyZsh
$ sudo apt install wget git
# exit from root and run:
$ sh -c "$(wget https://raw.githubusercontent.com/robbyrussell/oh-my-zsh/master/tools/install.sh -O -)"
# read how to install icon font at https://github.com/romkatv/powerlevel10k#manual-font-installation
	MesloLGS NF Regular.ttf https://github.com/romkatv/powerlevel10k-media/raw/master/MesloLGS%20NF%20Regular.ttf
	MesloLGS NF Bold.ttf https://github.com/romkatv/powerlevel10k-media/raw/master/MesloLGS%20NF%20Bold.ttf
	MesloLGS NF Italic.ttf https://github.com/romkatv/powerlevel10k-media/raw/master/MesloLGS%20NF%20Italic.ttf
	MesloLGS NF Bold Italic.ttf https://github.com/romkatv/powerlevel10k-media/raw/master/MesloLGS%20NF%20Bold%20Italic.ttf
# Konsole: Open Settings → Edit Current Profile → Appearance, click Select Font and select MesloLGS NF Regular.
# install Powerlevel10k theme
$ git clone https://github.com/romkatv/powerlevel10k.git ${ZSH_CUSTOM:-$HOME/.oh-my-zsh/custom}/themes/powerlevel10k
# download plugins for autosuggestion and syntax highlighting
$ git clone https://github.com/zsh-users/zsh-autosuggestions.git ${ZSH_CUSTOM:-$HOME/.oh-my-zsh/custom}/plugins/zsh-autosuggestions
$ git clone https://github.com/zsh-users/zsh-syntax-highlighting.git ${ZSH_CUSTOM:-$HOME/.oh-my-zsh/custom}/plugins/zsh-syntax-highlighting
# change theme
$ nano $HOME/.zshrc
# change value of: ZSH_THEME="powerlevel10k/powerlevel10k"
# add this line on plugins line: plugins=(git zsh-autosuggestions zsh-syntax-highlighting)
# save
# CLOSE Konsole !!
# OPEN AGAIN !!
# if some question about p10k configure not appear, run command: p10k configure, or run command: zsh
# Does this look like a diamond? (y) Yes
# Does this look like a lock? (y) Yes
# Does this look like a Debian logo (swirl/spiral)? (y) Yes
# Do all these icons fit between the crosses? (y) Yes
# Prompt Style: (3) Rainbow
# Character Set: (1) Unicode
# Show current time?: (2) 24-hour format
# Prompt Separators: (1) Angled
# Prompt Heads: (3) Sharp
# Prompt Tails: (1) Flat
# Prompt Height: (1) One line
	# if you choose two lines
	# Prompt Connection: (2) Dotted
	# Prompt Frame: (1) No frame
	# Connection Color: (2) Light
# Prompt Spacing: (2) Sparse
# Icons: (2) Many icons
# Prompt Flow: (1) Concise
# Enable Transient Prompt?: (n) No
# Instant Prompt Mode: (1) Verbose
# Apply changes to ~/.zshrc?: (y) Yes
#############################
# install Oh My Zsh for root user, run this command as non root user
$ sudo ln -s $HOME/.oh-my-zsh /root/.oh-my-zsh
$ sudo ln -s $HOME/.zshrc /root/.zshrc
$ sudo nano /root/.zshrc
# add this line on the top of file
	ZSH_DISABLE_COMPFIX=true
#############################
# setup bookmark
# Konsole: Bookmarks > Edit Bookmarks > New Bookmark:
	KDE's update and upgrade		sudo pkcon refresh && sudo pkcon update
	list upgradable packages		sudo apt list --upgradable
	autoremove				sudo apt autoremove
	enable pointer				ids=$(xinput list %7C grep 'pointer' %7C cut -d '=' -f 2 %7C cut -f 1 %7C tr ' ' '%5Cn' %7C tail -1) && xinput --disable $ids && xinput --enable $ids
	kilat on [domain]			ssh://[username]@[domain]:[port]

=======================================
Install Apps From APT via Konsole
=======================================
$ sudo apt install neofetch net-tools whois inxi kcalc audacious vlc qbittorrent filelight partitionmanager peek kdenlive
!!
!! pdfsam
!! xserver-xorg-input-libinput xserver-xorg-input-evdev xserver-xorg-input-mouse xserver-xorg-input-synaptics xserver-xorg-input-synaptics-dev
!! android-file-transfer fonts-noto-color-emoji
!! ffmpegthumbnailer kdenetwork-filesharing
!!

=======================================
Install latest stable version of GIMP from Ubuntu PPA for More Up-to-Date Version
=======================================
$ sudo add-apt-repository ppa:ubuntuhandbook1/gimp && sudo apt install -y gimp gegl libgexiv2-2
# open gimp
# Edit > preferences > interface > theme: Breeze-Dark
# Edit > preferences > interface > icon theme: multicolor; custom icon size: small
# Edit > preferences > interface > toolbox: disable "use tool groups"
# INFO: use TAB shortkey to hide & show sidebar

=======================================
Install latest stable version of Inkscape from Ubuntu PPA for More Up-to-Date Version
=======================================
$ sudo add-apt-repository ppa:inkscape.dev/stable && sudo apt install -y inkscape
# open inkscape
# Edit > preferences > interface > theme: dark; icon: color
# [if needed] Edit > preferences > interface > windows > dialogs on top: none

=================================
Set Keyboard Shortcut for Control Backlight (Screen Brightness)
=================================
System Settings > Workspace > Shortcuts > Power Management
	Ctrl + < = Decr. Brightness
		Select "Decrease Screen Brightness" and "Add custom shortcut" : "Ctrl + <"
	Ctrl + > = Incr. Brightness
		Select "Increase Screen Brightness" and "Add custom shortcut" : "Ctrl + >"

=====================================
Install Telegram from Ubuntu PPA for More Up-to-Date Version 
=====================================
$ sudo add-apt-repository ppa:atareao/telegram && sudo apt install telegram

=======================================
Install Apps Manually From .DEB Package
=======================================
Download WPS Office For Linux
	https://www.wps.com/office/linux/
Download Zoom Meeting
	https://zoom.us/download
Download Sejda PDF Desktop (PDF Editor)
	https://www.sejda.com/desktop
Download CrossFTP Version 1.99.6 (for managing S3 bucket) from:
	https://www.crossftp.com/crossftp_1.99.9.deb

=======================================
Add swap space equals to RAM size
=======================================
# check has swap enabled, if output is empty, it means that your system does not have swap space enabled
$ swapon --show
# creating a file which will be used for swap
$ fallocate -l 4G /swapfile && chmod 600 /swapfile && mkswap /swapfile && swapon /swapfile && swapon --show
# make the change permanent
$ nano /etc/fstab
# paste it
/swapfile swap swap defaults 0 0

=======================================
[EMERGENCY ONLY] Remove swap
=======================================
$ free -m
$ swapoff -a
$ rm /swapfile
$ nano /etc/fstab
# comment out line swap

=================================
Auto Mount NTFS Partition
=================================
$ sudo -i
$ mkdir /drive_ntfs
$ fdisk -l
# what dev is NTFS partition, example: dev2
$ nano /etc/fstab
# add this line:
/dev/nvme0n1p2 /drive_ntfs ntfs defaults,noatime 0 0
$ reboot
# boot into Windows
# make sure "fast startup" in Windows is disabled
# Win 7: Power Options > Choose what the power buttons do > Change settings that are currently unavailable > uncheck Turn on fast startup > Save changes
# Win 10: Power & Sleep Setting > Additional Power Setting > Choose what the power buttons does > Change settings that are currently unavailable > uncheck Turn on fast startup > Save changes
# run cmd.exe as administrator, type command to shutdown properly : shutdown /s /f /t 0
# after shutdown, turn on & boot into Linux & mounting NTFS would be no issue like can't copy/rename/delete file

=====================================
Setting Input & Output
=====================================
Input & Output: Mouse & Touchpad > Screen Edges > click on top left corner > No Action

=====================================
Setting App & Windows
=====================================
App & Windows: Window Management > Dekstop Effects > Blur > configure
	Set Blur Strength 50%
	Set Noise Strength 0%
App & Windows: Window Management > Desktop Effects > Woobly Windows > enable and configure
	Wobbliness: 100%
	enable Wobble when moving
	disabled Wobble when resizing
App & Windows: Window Management > Desktop Effects > Magic Lamp > enable and configure
	Animation duration: 400ms
App & Windows: Window Management > Window Behavior > tab Advanced
	Window placement: Centered
App & Windows: Window Management > Task Switcher
	change to Thumbnail Grid

=======================================
Setting Appearance & Style
=======================================
# Appearance & Style: Wallpaper
	Positioning: Scaled & Cropped
	Images: Darkest Hour
# Appearance & Style: Colors & Themes (Global Theme)
	Colors: Breeze Dark
	Application Style: Breeze
		Configure GNOME/GTK Application Style > Get New GNOME/GTK Application Style > WhiteSur GTK Theme by vinceliuice: WhiteSur-Dark
		GTK theme: WhiteSur-Dark
	Plasma Style: Breeze Dark
	Windows Decorations: Breeze
	Windows Decorations:
		Get New Theme: Summaculate Aurorae Plasma 6 by doncsugar => Summaculate Night Blur
		Configure Titlebar Buttons: (from left to right) Close, Minimize, Maximize ___ Titlebar ___ [empty]
	Icons: Breeze Dark
	Cursors: Breeze
	System Sounds: Ocean
	Splash Screen:
		Get New Splash: Overload login splash by bermer
	Login Screen (SSDM): Breeze; Change Background: /usr/share/wallpapers/DarkestHour/contents/images/1920x1080.jpg
	Boot Splash Screen:
		Get New Splash: Linux Distros glowing slider by tobilinuxer => KDE neon
# Appearance & Style: Text & Fonts
	Fonts:
		General: Ubuntu Condensed 10pt
		Fixed width: Ubuntu Mono 10pt
		Small: Ubuntu Condensed 8pt
		Toolbar: Ubuntu Condense 10pt
		Menu: Ubuntu Condense 10pt
		Windows title: Ubuntu Condense 10pt
		Anti-Aliasing: Enabled
# Security: Screen Locking > Configure Appearance: Darkest Hour

=======================================
Setting Workspace
=======================================
# Workspace: General Behavior
	Clicking files or folders: Opens them

=======================================
Setup Widget
=======================================
Application Launcher
	Icon: bluegriffon
	Text label: LINUX
	Sidebar position: left
	Show favourites: In a grid
	Show other applications: In a list
	Show buttons for: Power (show action button captions)
Icon-only Task Manager
	Konsole
	Dolphine
	Google Chrome
	WPS Office
	Sublime Text
	Telegram
	GIMP
	Thunderbird
Sticky Note
	Text font size: 10pt
	Theme: A transparent sticky with light text
	Shortcut: Ctrl + Alt + Space
System Tray
	Panel icon size: Small
	Panel icon spacing: Normal
Digital Clock
	Information: Show date (Always beside time)
	Show seconds: Only in the tooltip
	Show time zone: Only when different from local time zone
	Display time zone as: Code
	Time display: 24-Hour
	Date format: Long Date (Rabu, 31 Juli 2024)
	Text display: Manual (8pt Ubuntu Condensed)
Peek at Desktop (Show the desktop & minimize all windows)
	Shortcut: Ctrl + Space

=====================================
Install Tor Browser
=====================================
sudo apt install torbrowser-launcher
# updating TOR screwed up my client : "Download Error: 404"
sudo -i
# https://askubuntu.com/questions/1445050/updating-tor-screwed-up-my-client-download-error-404 
# exit from root
# launch tor browser

=====================================
Install Sublime Text from APT Repo
=====================================
$ wget -qO - https://download.sublimetext.com/sublimehq-pub.gpg | gpg --dearmor | sudo tee /etc/apt/trusted.gpg.d/sublimehq-archive.gpg > /dev/null
$ echo "deb https://download.sublimetext.com/ apt/stable/" | sudo tee /etc/apt/sources.list.d/sublime-text.list
$ sudo apt update && sudo apt install -y sublime-text
# Register Sublime Text Version 3.2.2 Build 3211: https://gist.github.com/angrycoffeemonster/4f05896d233baf6bd9b0894e30b5fa63#gistcomment-3186129
# Ctrl + Shift + P: install package control
# Ctrl + Shift + P: install package
# Preferences > Select Theme: Default Dark Sublime Theme
# Preferences > Settings:
	{
		"update_check": false,
		"theme": "Default Dark.sublime-theme",
		"ignored_packages":
		[
			"Vintage",
		],
		"color_scheme": "Packages/Color Scheme - Default/Monokai.sublime-color-scheme",
		"always_show_minimap_viewport" : true,
		"bold_folder_labels"           : true,
		"font_face"                    : "Ubuntu Mono",
		"font_size"                    : 11,
		"font_options"                 : ["gray_antialias", "subpixel_antialias"], // On retina Mac & Windows
		"indent_guide_options"         : ["draw_normal", "draw_active"], // Highlight active indent
		"line_padding_bottom"          : 1,
		"line_padding_top"             : 1,
		"overlay_scroll_bars"          : "enabled",
	}
# INFO: menu View > Layout to set single or split layout
# enter license SL4.4113
----- BEGIN LICENSE ----- 
SODiUM
Unlimited User License
EA7E-616233
3D304404 DF30FB1E 13970658 C1A50250
5516CCFF E9CECBB4 A977180F CF3D27B0
CE548F7F 6BACBFBB 13C3C20E 98374D2E
A4A2FBD8 F43266F1 B5D341B7 FB93B378
130776C7 E8448996 7079AE92 0FC9F957
50A44D9B 3C9F2B95 ED317531 DE31C716
35DB9EC1 2AC2035E 88A16581 60A47FF4
3FF047F5 1E1713B0 25282A13 D70F1E04
------ END LICENSE ------
# or
----- BEGIN LICENSE ----- 
AODGH-JREOG-HRFIK-NBKJL-XNVSO
ERTPE-HYEOU-GHBJK-LAPOJ-LHNF
OEAWH-TRREW-OHGER-IJVNZ-LNFEO
SGJEOI-HRHTE-ROGNS-FNGVS-PDFJPE
------ END LICENSE ------

=======================================
Install pip for Python 3
=======================================
$ sudo apt update
$ sudo apt install python3-pip
$ pip3 --version
# sudo pip3 install gdown
# gdown [URL]
# gdown https://drive.google.com/uc?id=0B9P1L--7Wd2vU3VUVlFnbTgtS2c
# sudo pip3 install slowloris
# slowloris -h
# slowloris --randuseragents [DOMAIN]
# slowloris --randuseragents example.com

=====================================
Install Docker with MariaDB & phpMyAdmin
=====================================
$ sudo apt install -y docker.io docker-compose && sudo systemctl start docker && sudo systemctl enable docker && docker --version
$ cd /opt && mkdir phpMyAdmin && cd phpMyAdmin
$ wget https://raw.githubusercontent.com/achyaryalyal/fastron/master/mylinux/docker/phpmyadmin/docker-compose.yml
$ docker-compose up -d
$ docker exec -it mariadb mariadb -u root -p
$ docker-compose ps
# open phpMyAdmin on the browser: http://localhost:8000

=======================================
Install Spotify + Calaboka (ads silencer) from Snap [no longer need]
=======================================
# open Discover, search "Spotify" and install
# open Discover, search "Calaboka" and install
$ sudo snap connect calaboka:mpris spotify:spotify-mpris
# open Menu Editor, in category Multimedia > New Item "Spotify"
	Name: Spotify
	Desc: 
	Comment: Music for everyone
	program: /snap/bin/spotify
	Icon: spotify

=====================================
Install Postman from Snap [no longer need]
=====================================
$ snap install postman
# or, open Discover, search "Postman" and install
# open Menu Editor, in category Development > New Item "Postman"
	Name: Postman
	Desc: 
	Comment: API Development Environment
	Program: /snap/bin/postman
	Icon: postman

=================================
Disable Intel SGX Kernel Support
=================================
$ sudo -i
$ nano /etc/default/grub
# add parameter nosgx to GRUB_CMDLINE_LINUX_DEFAULT
	GRUB_CMDLINE_LINUX_DEFAULT="nosgx"
# close & save
$ update-grub
$ reboot
# if anything goes wrong, just boot through recovery to repair grub again

=================================
Recognize USB 3.0 Device
=================================
$ sudo nano /etc/default/grub
# add parameter: usbcore.autosuspend=-1 to GRUB_CMDLINE_LINUX_DEFAULT
	GRUB_CMDLINE_LINUX_DEFAULT="usbcore.autosuspend=-1"
# close & save
$ update-grub
$ reboot
# if anything goes wrong, just boot through recovery to repair grub again

=================================
Fix Lenovo S145 Touchpad Issue via Grub
=================================
$ sudo -i
$ nano /etc/default/grub
# add parameter i8042.nopnp=1 pci=nocrs to GRUB_CMDLINE_LINUX_DEFAULT
	GRUB_CMDLINE_LINUX_DEFAULT="i8042.nopnp=1 pci=nocrs quiet splash"
# close & save
$ update-grub
$ reboot
# if anything goes wrong, just boot through recovery to repair grub again

=================================
Fix Lenovo S145 Touchpad Freeze After Resume (wake up)
=================================
# right click on icon application menu (Launchpad plasma), right click on Lost & Found, click new item
# set name: Reset Pointer
# set desc: 
# set command: ids=$(xinput list | grep 'pointer' | cut -d '=' -f 2 | cut -f 1 | tr ' ' '\n' | tail -1) && xinput --disable $ids && xinput --enable $ids
# set icon: ktouch
# save & close application menu

=================================
Adjust Touchpad Configuration
=================================
System Settings > Hardware > Input Devices > Touchpad
Tab Scrolling:
	edge scrolling: [vertical] [horizontal]
	two-finger scrolling: [vertical] [horizontal]
Tab Pointer Motion:
	Speed Minimum: 0.5 bar
	Speed Maximum: 1.5 bar
	Acceleration: 2.0 bar
Apply

=====================================
[ARCHIEVED] Install latest stable version of Wine
=====================================
$ sudo dpkg --add-architecture i386
$ sudo apt update
$ wget -qO- https://dl.winehq.org/wine-builds/winehq.key | sudo apt-key add -
$ sudo apt-add-repository "deb http://dl.winehq.org/wine-builds/ubuntu/ $(lsb_release -cs) main"
$ sudo apt install --install-recommends winehq-stable
$ wine --version
$ winecfg
# fix font shows blank squares instead of characters
# now use terminal as user non root
$ cd "${HOME}/Downloads"
$ wget  https://raw.githubusercontent.com/Winetricks/winetricks/master/src/winetricks
$ chmod +x winetricks
$ sh winetricks allfonts dotnet472 vcrun2008 vcrun2010 vcrun2013 vcrun2015 d3dx9 d3dx9_43 directx9 d3dx10

======================================
[ARCHIEVED] Install Vagrant
======================================
$ curl -fsSL https://apt.releases.hashicorp.com/gpg | sudo apt-key add -
$ sudo apt-add-repository "deb [arch=amd64] https://apt.releases.hashicorp.com $(lsb_release -cs) main"
$ sudo apt-get update && sudo apt-get install vagrant

=======================================
[ARCHIEVED] Install WhatsApps from Snap
=======================================
# open Discover, search "WhatSie" and install
# open Menu Editor, in category Internet > New Item "WhatSie"
	Name: WhatSie
	Desc: 
	Comment: WhatsApp for Linux
	Program: /snap/bin/whatsie
	Icon: whatsapp

=====================================
[ARCHIEVED] Install Anbox
=====================================
https://www.how2shout.com/linux/how-to-install-anbox-on-ubuntu-20-04-lts-focal-fossa/

=====================================
[ARCHIEVED] Install UNetbootin from Ubuntu PPA
=====================================
$ sudo add-apt-repository ppa:gezakovacs/ppa && sudo apt install unetbootin

======================================
[ARCHIEVED] Install Apps From APPIMAGE
======================================
# Download it
Kdenlive -> https://kdenlive.org/en/download/ -> choose AppImage -> make directory /home/AppImage and move file here -> set file as executable from file manager -> open file -> setting -> force breeze icon theme -> quit
# Add shortcut
right click on simple menu -> edit applications -> click on multimedia category -> new item
	Name: Kdenlive
	Description: Video Editor
	Comment: Open source video editor. Free and easy to use for any purpose, forever.
	Command: /home/neon/Appimage/kdenlive-21.08.0-x86_64.appimage
	Icon download from https://drive.google.com/file/d/1NLHfHWr0I5J5g_14nD7W6Py_wNl_8EQ2/view?usp=sharing
save
# Default app based on extension
create a fake project file with .kdenlive extension -> right click -> properties -> file type option -> add extensioin: *.kdenlive -> add application: Kdenlive -> ok -> remove this fake project file

=======================================
[ARCHIEVED] Register CrossFTP Version 1.99.6
=======================================
Pro Multi User:
4F6B65204F63657C6F6B65406F63652E636F6D0000000000000000000000000000000000000000000000000000000000000000000000000000000000000000010FFFFFFFFFFFFFFFA3C98218B681C6D5A23197C7D1F96689
Pro Single User:
4F6B65204F63657C6F6B65406F63652E636F6D0000000000000000000000000000000000000000000000000000000000000000000000000000000000000000007FFFFFFFFFFFFFFFA43DA5170DC757681015326654516EFC
Enterprise Site:
4F6B65204F63657C6F6B65406F63652E636F6D0000000000000000000000000000000000000000000000000000000000000000000000000000000000000000027FFFFFFFFFFFFFFFD0BE218C8C7712D7CB31FCB1FAD9C554
Enterprise Multi User:
4F6B65204F63657C6F6B65406F63652E636F6D0000000000000000000000000000000000000000000000000000000000000000000000000000000000000000040FFFFFFFFFFFFFFFF3C5C65BAFC2950AA7AF64D9508F4DAC

=======================================
[ARCHIEVED] Install latest stable version of ImageMagick with IMEI (ImageMagick Easy Install)
=======================================
$ cd /opt
$ git clone https://github.com/SoftCreatR/imei
$ cd imei
$ sudo ./imei.sh
# verify
$ identify -version
$ php -i | grep ImageMagick

=================================
[ARCHIEVED] Show Battery Percentage
=================================
Right click on battery icon > Configure battery and brightness
Check "Show percentage" > OK

=================================
[ARCHIEVED] Install Winamp Skin to Audacious
=================================
Copy or download: https://drive.google.com/file/d/1lFru-2da8Kv1RWHlZOky7XMxQTuIDJFO/view?usp=sharing
Extract downloaded file, and you will see a folder called winamp_standar
With root privilage, copy folder winamp_standar to: /usr/share/audacious/Skins
Open Audacious, go to Setting
Appearance > Interface > Winamp Classic Interface
Appearance > Skin > winamp_standar
Close


█▀▀ █░█ █▄░█ █▀▀ ▀█▀ █ █▀█ █▄░█ ▄▀█ █░░ █ ▀█▀ █▄█
█▀░ █▄█ █░▀█ █▄▄ ░█░ █ █▄█ █░▀█ █▀█ █▄▄ █ ░█░ ░█░

=======================================
Install Latest Kernel with Hardware Enablement Stack (HWE)
=======================================
$ uname -r
$ apt search linux-generic | grep edge
$ ver="$(lsb_release -sr)" && sudo apt install linux-generic-hwe-${ver}-edge
#that's it. reboot.
$ uname -r
$ lsb_release -a
$ dpkg -l | tail -n +6 | grep -E 'linux-image-[0-9]+'
$ sudo pkcon refresh && sudo pkcon update
$ sudo apt update && sudo apt full-upgrade && flatpak update && snap refresh
# get list of currently running Linux kernel:
$ v="$(uname -r | awk -F '-virtual' '{ print $1}')" && echo "$v"

=======================================
Change Any Kernel
=======================================
$ uname -r
$ grep -A100 submenu  /boot/grub/grub.cfg |grep menuentry
	submenu 'Advanced options for Neon GNU/Linux' $menuentry_id_option 'gnulinux-advanced-c6e41310-0aba-435e-b947-cf0c55e42ec3' {
	menuentry 'Neon GNU/Linux, with Linux 5.8.0-43-generic' --class neon --class gnu-linux --class gnu --class os $menuentry_id_option 'gnulinux-5.8.0-43-generic-advanced-c6e41310-0aba-435e-b947-cf0c55e42ec3' {
	menuentry 'Neon GNU/Linux, with Linux 5.8.0-43-generic (recovery mode)' --class neon --class gnu-linux --class gnu --class os $menuentry_id_option 'gnulinux-5.8.0-43-generic-recovery-c6e41310-0aba-435e-b947-cf0c55e42ec3' {
# Advanced options is gnulinux-advanced-c6e41310-0aba-435e-b947-cf0c55e42ec3
# Menu entry with Linux 5.8.0-43-generic is gnulinux-5.8.0-43-generic-advanced-c6e41310-0aba-435e-b947-cf0c55e42ec3
# Concat those two strings with > so result would be like
	gnulinux-advanced-c6e41310-0aba-435e-b947-cf0c55e42ec3>gnulinux-5.8.0-43-generic-advanced-c6e41310-0aba-435e-b947-cf0c55e42ec3
$ nano /etc/default/grub
	GRUB_DEFAULT="gnulinux-advanced-c6e41310-0aba-435e-b947-cf0c55e42ec3>gnulinux-5.8.0-43-generic-advanced-c6e41310-0aba-435e-b947-cf0c55e42ec3"
$ sudo update-grub
$ sudo reboot

=======================================
Remove All Unused Old Kernels
=======================================
# list all installed Linux kernel
$ dpkg --list | grep -i -E --color 'linux-image|linux-kernel' | grep '^ii'
$ sudo -i
$ sudo apt --purge autoremove
# get list of currently running Linux kernel:
$ v="$(uname -r | awk -F '-virtual' '{ print $1}')" && echo "$v"
# create a list that tells not to delete currently running Linux kernel:
$ i="linux-headers-virtual|linux-image-virtual|linux-headers-generic-hwe-|linux-image-generic-hwe-|linux-headers-${v}|linux-image-$(uname -r)|linux-image-generic|linux-headers-generic" && echo "$i"
# here is a list of the kernel that needs to be deleted:
$ dpkg --list | egrep -i 'linux-image|linux-headers' | awk '/ii/{ print $2}' | egrep -v "$i"
# delete all unwated and older Linux kernels
$ sudo apt --purge remove $(dpkg --list | egrep -i 'linux-image|linux-headers' | awk '/ii/{ print $2}' | egrep -v "$i")
$ sudo apt autoremove

=================================
Clear the APT cache and delete everything from /var/cache/apt/archives/
================================= 
$ sudo apt clean
$ sudo apt autoclean
$ sudo du -ch /var/cache/apt/archives/

=================================
Clear journal logs from /var/log/journal/
=================================
$ journalctl --disk-usage
$ nano /etc/systemd/journald.conf
    SystemMaxUse=50M
$ sudo systemctl kill --kill-who=main --signal=SIGUSR2 systemd-journald.service
$ sudo systemctl restart systemd-journald.service

=================================
Clear thumbnail & trash from [USER]
=================================
$ rm -rf /home/[USER]/.cache/thumbnails/*
$ rm -rf /home/[USER]/.local/share/Trash/*

=================================
Clear snap spotify cache from [USER]
=================================
$ rm -rf /home/[USER]/snap/spotify/common/.cache/spotify/Data/*

=================================
Checking Boot Time
=================================
$ systemd-analyze
# or breakdown the boot time into each unit 
$ systemd-analyze blame

=================================
Improving Boot Time
=================================
# network manager is responsible for the internet connection and may be turned off to speed up boot time
# don’t worry, once you log in, you’ll have wifi working normally
$ sudo systemctl disable NetworkManager-wait-online.service
# if you want to revert the change, you can use this command: sudo systemctl enable NetworkManager-wait-online.service

=================================
VLC Tweak
=================================
# Tools > Preferences > Click Subtitles/OSD tab > Untick "Show media title on video start"
# Tools > Preferences > In the bottom-left, under Show settings, select All > Interface -> Main Interfaces -> Qt > Uncheck "Display background cone or art"

=================================
Fix External Drive no Longer Mounting
An error occurred while accessing 'Seagate Expansion Drive', the system responded: The requested operation has failed
=================================
$ sudo fdisk --list
# on below, copy DEVICE_NUMBER like /dev/sda1 or /dev/sda2
# run ntfsfix using -d flag
$ sudo ntfsfix -d [DEVICE_NUMBER]

=================================
Fix Battery Charging/Discharging State Always Delay Updated
=================================
$ sudo -i
# get device name, ex: /org/freedesktop/UPower/devices/battery_BAT0
$ upower -e
# create a bash script with suitable device name and run every 2 seconds
$ nano /etc/keep-battery-updated.sh
	#!/bin/bash
	while sleep 2; do
	   busctl call --system org.freedesktop.UPower /org/freedesktop/UPower/devices/battery_BAT0 org.freedesktop.UPower.Device Refresh
	done
$ chmod +x /etc/keep-battery-updated.sh && chmod 0755 /etc/keep-battery-updated.sh
# add it as a startup script, System Settings > Workspace > Startup and Shutdown > Autostart > Add Login Script > /etc/keep-battery-updated.sh > Open
$ reboot

=================================
Fix No Sound
=================================
# try reinstalling Alsa and Pulse audio:
$ sudo apt install --reinstall alsa-base pulseaudio
# and force reload Alsa again:
$ sudo alsa force-reload
# reboot and check if sound is back or not

=================================
Fix No Bluetooth
=================================
$ sudo rfkill block bluetooth
$ sudo rfkill unblock bluetooth
$ sudo bluetoothctl power on

=================================
Fix Desktop Effects Not Working or Display is Blank (BLACK SCREEN)
=================================
System Settings > Hardware > Display and Monitor > Compositor
# [ON] enable on startup
# [ON] allow applications to block compositing
# set Scale method: Smooth
# set Rendering backend: OpenGL 3.1
# set Latency: Prefer lower latency
# apply

=================================
Fix Plain Text File Assocation
=================================
System Settings > Applications > File Assocations > text > plain > remove *.doc > Apply

=================================
Fix TeamViewer Not Ready
=================================
$ sudo teamviewer --daemon enable
$ systemctl enable teamviewerd
$ systemctl start teamviewerd

=================================
Fix Zoom No Sound From Speaker
=================================
Zoom Setting > Audio Setting > Increase Output Volume on Speaker

=================================
Fix Dolphin Explorer Error
=================================
$ dbus-launch dolphin

=================================
Fix Cursor Jumping Around / Shaking Random Direction
=================================
# method 1: Try changing the mouse battery :D
# method 2: System Settings > Hardware > Input Device > Touchpad > tab Enable/Disable > check in Disable touchpad when typing
# method 3: System Settings > Hardware > Input Device > Touchpad > tab Enable/Disable > check in Disable touchpad when mouse is plugged in
# method 4: # method 4: Remove device/driver of similar mouse/pointer
# method 5:
$ sudo -i
$ nano /usr/share/X11/xorg.conf.d/*-synaptics.conf
Section "InputClass"
     Identifier "touchpad"
     Driver "synaptics"
     MatchIsTouchpad "on"
         Option "TapButton1" "1"
         Option "TapButton2" "3"
         Option "TapButton3" "2"
         Option "VertEdgeScroll" "on"
         Option "VertTwoFingerScroll" "on"
         Option "HorizEdgeScroll" "on"
         #Option "HorizTwoFingerScroll" "on"
         #Option "CircularScrolling" "on"
         #Option "CircScrollTrigger" "2"
         Option "VertHysteresis" "50"
         Option "HorizHysteresis" "50"
	 Option "EmulateTwoFingerMinZ" "40"
         Option "EmulateTwoFingerMinW" "8"
         Option "CoastingSpeed" "0"
         Option "FingerLow" "30"
         Option "FingerHigh" "50"
         Option "MaxTapTime" "125"
 EndSection
$ reboot

=================================
Sort Media in SD Card
=================================
$ apt install fatsort
# [device-name] like /dev/sda1 or /dev/sdb1
$ sudo fatsort -l [device-name]
$ sudo fatsort -i [device-name]
$ sudo fatsort -c [device-name]

=================================
Mount an ISO File
=================================
$ sudo mkdir /mnt/iso
$ sudo mount -o loop file.iso /mnt/iso
$ ls /mnt/iso/

=================================
Check System, Machine and Audio Information
=================================
$ inxi -SMA
# or full info:
$ inxi -F

=================================
[ARCHIEVED] Touchpad Gestures like MacOS/Windows
=================================
Touchégg: https://github.com/JoseExposito/touchegg
ToucheggKDE: https://github.com/NayamAmarshe/ToucheggKDE

=================================
Empty Trash from Terminal
=================================
$ rm -rf ~/.local/share/Trash/*
